Archive member included to satisfy reference by file (symbol)

c:/st/stm32cubeide_1.5.1/stm32cubeide/plugins/com.st.stm32cube.ide.mcu.externaltools.gnu-tools-for-stm32.7-2018-q2-update.win32_1.5.0.202011040924/tools/bin/../lib/gcc/arm-none-eabi/7.3.1/../../../../arm-none-eabi/lib/thumb/v7e-m/fpv4-sp/hard\libc_nano.a(lib_a-errno.o)
                              Core/Src/syscalls.o (__errno)
c:/st/stm32cubeide_1.5.1/stm32cubeide/plugins/com.st.stm32cube.ide.mcu.externaltools.gnu-tools-for-stm32.7-2018-q2-update.win32_1.5.0.202011040924/tools/bin/../lib/gcc/arm-none-eabi/7.3.1/../../../../arm-none-eabi/lib/thumb/v7e-m/fpv4-sp/hard\libc_nano.a(lib_a-exit.o)
                              c:/st/stm32cubeide_1.5.1/stm32cubeide/plugins/com.st.stm32cube.ide.mcu.externaltools.gnu-tools-for-stm32.7-2018-q2-update.win32_1.5.0.202011040924/tools/bin/../lib/gcc/arm-none-eabi/7.3.1/../../../../arm-none-eabi/lib/thumb/v7e-m/fpv4-sp/hard/crt0.o (exit)
c:/st/stm32cubeide_1.5.1/stm32cubeide/plugins/com.st.stm32cube.ide.mcu.externaltools.gnu-tools-for-stm32.7-2018-q2-update.win32_1.5.0.202011040924/tools/bin/../lib/gcc/arm-none-eabi/7.3.1/../../../../arm-none-eabi/lib/thumb/v7e-m/fpv4-sp/hard\libc_nano.a(lib_a-impure.o)
                              c:/st/stm32cubeide_1.5.1/stm32cubeide/plugins/com.st.stm32cube.ide.mcu.externaltools.gnu-tools-for-stm32.7-2018-q2-update.win32_1.5.0.202011040924/tools/bin/../lib/gcc/arm-none-eabi/7.3.1/../../../../arm-none-eabi/lib/thumb/v7e-m/fpv4-sp/hard\libc_nano.a(lib_a-exit.o) (_global_impure_ptr)
c:/st/stm32cubeide_1.5.1/stm32cubeide/plugins/com.st.stm32cube.ide.mcu.externaltools.gnu-tools-for-stm32.7-2018-q2-update.win32_1.5.0.202011040924/tools/bin/../lib/gcc/arm-none-eabi/7.3.1/../../../../arm-none-eabi/lib/thumb/v7e-m/fpv4-sp/hard\libc_nano.a(lib_a-init.o)
                              c:/st/stm32cubeide_1.5.1/stm32cubeide/plugins/com.st.stm32cube.ide.mcu.externaltools.gnu-tools-for-stm32.7-2018-q2-update.win32_1.5.0.202011040924/tools/bin/../lib/gcc/arm-none-eabi/7.3.1/../../../../arm-none-eabi/lib/thumb/v7e-m/fpv4-sp/hard/crt0.o (__libc_init_array)
c:/st/stm32cubeide_1.5.1/stm32cubeide/plugins/com.st.stm32cube.ide.mcu.externaltools.gnu-tools-for-stm32.7-2018-q2-update.win32_1.5.0.202011040924/tools/bin/../lib/gcc/arm-none-eabi/7.3.1/../../../../arm-none-eabi/lib/thumb/v7e-m/fpv4-sp/hard\libc_nano.a(lib_a-memset.o)
                              c:/st/stm32cubeide_1.5.1/stm32cubeide/plugins/com.st.stm32cube.ide.mcu.externaltools.gnu-tools-for-stm32.7-2018-q2-update.win32_1.5.0.202011040924/tools/bin/../lib/gcc/arm-none-eabi/7.3.1/../../../../arm-none-eabi/lib/thumb/v7e-m/fpv4-sp/hard/crt0.o (memset)

Allocating common symbols
Common symbol       size              file

can_rx_message      0x18              Core/Src/can.o
cnt                 0x1               Core/Src/config.o
delay               0x4               Core/Src/config.o

Discarded input sections

 .text          0x0000000000000000        0x0 c:/st/stm32cubeide_1.5.1/stm32cubeide/plugins/com.st.stm32cube.ide.mcu.externaltools.gnu-tools-for-stm32.7-2018-q2-update.win32_1.5.0.202011040924/tools/bin/../lib/gcc/arm-none-eabi/7.3.1/thumb/v7e-m/fpv4-sp/hard/crti.o
 .data          0x0000000000000000        0x0 c:/st/stm32cubeide_1.5.1/stm32cubeide/plugins/com.st.stm32cube.ide.mcu.externaltools.gnu-tools-for-stm32.7-2018-q2-update.win32_1.5.0.202011040924/tools/bin/../lib/gcc/arm-none-eabi/7.3.1/thumb/v7e-m/fpv4-sp/hard/crti.o
 .bss           0x0000000000000000        0x0 c:/st/stm32cubeide_1.5.1/stm32cubeide/plugins/com.st.stm32cube.ide.mcu.externaltools.gnu-tools-for-stm32.7-2018-q2-update.win32_1.5.0.202011040924/tools/bin/../lib/gcc/arm-none-eabi/7.3.1/thumb/v7e-m/fpv4-sp/hard/crti.o
 .data          0x0000000000000000        0x4 c:/st/stm32cubeide_1.5.1/stm32cubeide/plugins/com.st.stm32cube.ide.mcu.externaltools.gnu-tools-for-stm32.7-2018-q2-update.win32_1.5.0.202011040924/tools/bin/../lib/gcc/arm-none-eabi/7.3.1/thumb/v7e-m/fpv4-sp/hard/crtbegin.o
 .text          0x0000000000000000       0x74 c:/st/stm32cubeide_1.5.1/stm32cubeide/plugins/com.st.stm32cube.ide.mcu.externaltools.gnu-tools-for-stm32.7-2018-q2-update.win32_1.5.0.202011040924/tools/bin/../lib/gcc/arm-none-eabi/7.3.1/../../../../arm-none-eabi/lib/thumb/v7e-m/fpv4-sp/hard/crt0.o
 .data          0x0000000000000000        0x0 c:/st/stm32cubeide_1.5.1/stm32cubeide/plugins/com.st.stm32cube.ide.mcu.externaltools.gnu-tools-for-stm32.7-2018-q2-update.win32_1.5.0.202011040924/tools/bin/../lib/gcc/arm-none-eabi/7.3.1/../../../../arm-none-eabi/lib/thumb/v7e-m/fpv4-sp/hard/crt0.o
 .bss           0x0000000000000000        0x0 c:/st/stm32cubeide_1.5.1/stm32cubeide/plugins/com.st.stm32cube.ide.mcu.externaltools.gnu-tools-for-stm32.7-2018-q2-update.win32_1.5.0.202011040924/tools/bin/../lib/gcc/arm-none-eabi/7.3.1/../../../../arm-none-eabi/lib/thumb/v7e-m/fpv4-sp/hard/crt0.o
 .ARM.extab     0x0000000000000000        0x0 c:/st/stm32cubeide_1.5.1/stm32cubeide/plugins/com.st.stm32cube.ide.mcu.externaltools.gnu-tools-for-stm32.7-2018-q2-update.win32_1.5.0.202011040924/tools/bin/../lib/gcc/arm-none-eabi/7.3.1/../../../../arm-none-eabi/lib/thumb/v7e-m/fpv4-sp/hard/crt0.o
 .ARM.exidx     0x0000000000000000        0x8 c:/st/stm32cubeide_1.5.1/stm32cubeide/plugins/com.st.stm32cube.ide.mcu.externaltools.gnu-tools-for-stm32.7-2018-q2-update.win32_1.5.0.202011040924/tools/bin/../lib/gcc/arm-none-eabi/7.3.1/../../../../arm-none-eabi/lib/thumb/v7e-m/fpv4-sp/hard/crt0.o
 .ARM.attributes
                0x0000000000000000       0x20 c:/st/stm32cubeide_1.5.1/stm32cubeide/plugins/com.st.stm32cube.ide.mcu.externaltools.gnu-tools-for-stm32.7-2018-q2-update.win32_1.5.0.202011040924/tools/bin/../lib/gcc/arm-none-eabi/7.3.1/../../../../arm-none-eabi/lib/thumb/v7e-m/fpv4-sp/hard/crt0.o
 .group         0x0000000000000000        0xc Core/Src/can.o
 .group         0x0000000000000000        0xc Core/Src/can.o
 .group         0x0000000000000000        0xc Core/Src/can.o
 .group         0x0000000000000000        0xc Core/Src/can.o
 .group         0x0000000000000000        0xc Core/Src/can.o
 .group         0x0000000000000000        0xc Core/Src/can.o
 .group         0x0000000000000000        0xc Core/Src/can.o
 .group         0x0000000000000000        0xc Core/Src/can.o
 .group         0x0000000000000000        0xc Core/Src/can.o
 .group         0x0000000000000000        0xc Core/Src/can.o
 .group         0x0000000000000000        0xc Core/Src/can.o
 .group         0x0000000000000000        0xc Core/Src/can.o
 .group         0x0000000000000000        0xc Core/Src/can.o
 .group         0x0000000000000000        0xc Core/Src/can.o
 .group         0x0000000000000000        0xc Core/Src/can.o
 .group         0x0000000000000000        0xc Core/Src/can.o
 .group         0x0000000000000000        0xc Core/Src/can.o
 .group         0x0000000000000000        0xc Core/Src/can.o
 .group         0x0000000000000000        0xc Core/Src/can.o
 .group         0x0000000000000000        0xc Core/Src/can.o
 .group         0x0000000000000000        0xc Core/Src/can.o
 .group         0x0000000000000000        0xc Core/Src/can.o
 .group         0x0000000000000000        0xc Core/Src/can.o
 .group         0x0000000000000000        0xc Core/Src/can.o
 .group         0x0000000000000000        0xc Core/Src/can.o
 .group         0x0000000000000000        0xc Core/Src/can.o
 .group         0x0000000000000000        0xc Core/Src/can.o
 .group         0x0000000000000000        0xc Core/Src/can.o
 .group         0x0000000000000000        0xc Core/Src/can.o
 .group         0x0000000000000000        0xc Core/Src/can.o
 .group         0x0000000000000000        0xc Core/Src/can.o
 .group         0x0000000000000000        0xc Core/Src/can.o
 .group         0x0000000000000000        0xc Core/Src/can.o
 .group         0x0000000000000000        0xc Core/Src/can.o
 .group         0x0000000000000000        0xc Core/Src/can.o
 .group         0x0000000000000000        0xc Core/Src/can.o
 .group         0x0000000000000000        0xc Core/Src/can.o
 .group         0x0000000000000000        0xc Core/Src/can.o
 .group         0x0000000000000000        0xc Core/Src/can.o
 .group         0x0000000000000000        0xc Core/Src/can.o
 .group         0x0000000000000000        0xc Core/Src/can.o
 .group         0x0000000000000000        0xc Core/Src/can.o
 .text          0x0000000000000000        0x0 Core/Src/can.o
 .data          0x0000000000000000        0x0 Core/Src/can.o
 .bss           0x0000000000000000        0x0 Core/Src/can.o
 .text.Can_Tx_Msg
                0x0000000000000000      0x100 Core/Src/can.o
 .group         0x0000000000000000        0xc Core/Src/config.o
 .group         0x0000000000000000        0xc Core/Src/config.o
 .group         0x0000000000000000        0xc Core/Src/config.o
 .group         0x0000000000000000        0xc Core/Src/config.o
 .group         0x0000000000000000        0xc Core/Src/config.o
 .group         0x0000000000000000        0xc Core/Src/config.o
 .group         0x0000000000000000        0xc Core/Src/config.o
 .group         0x0000000000000000        0xc Core/Src/config.o
 .group         0x0000000000000000        0xc Core/Src/config.o
 .group         0x0000000000000000        0xc Core/Src/config.o
 .group         0x0000000000000000        0xc Core/Src/config.o
 .group         0x0000000000000000        0xc Core/Src/config.o
 .group         0x0000000000000000        0xc Core/Src/config.o
 .group         0x0000000000000000        0xc Core/Src/config.o
 .group         0x0000000000000000        0xc Core/Src/config.o
 .group         0x0000000000000000        0xc Core/Src/config.o
 .group         0x0000000000000000        0xc Core/Src/config.o
 .group         0x0000000000000000        0xc Core/Src/config.o
 .group         0x0000000000000000        0xc Core/Src/config.o
 .group         0x0000000000000000        0xc Core/Src/config.o
 .group         0x0000000000000000        0xc Core/Src/config.o
 .group         0x0000000000000000        0xc Core/Src/config.o
 .group         0x0000000000000000        0xc Core/Src/config.o
 .group         0x0000000000000000        0xc Core/Src/config.o
 .group         0x0000000000000000        0xc Core/Src/config.o
 .group         0x0000000000000000        0xc Core/Src/config.o
 .group         0x0000000000000000        0xc Core/Src/config.o
 .group         0x0000000000000000        0xc Core/Src/config.o
 .group         0x0000000000000000        0xc Core/Src/config.o
 .group         0x0000000000000000        0xc Core/Src/config.o
 .group         0x0000000000000000        0xc Core/Src/config.o
 .group         0x0000000000000000        0xc Core/Src/config.o
 .group         0x0000000000000000        0xc Core/Src/config.o
 .group         0x0000000000000000        0xc Core/Src/config.o
 .group         0x0000000000000000        0xc Core/Src/config.o
 .group         0x0000000000000000        0xc Core/Src/config.o
 .group         0x0000000000000000        0xc Core/Src/config.o
 .group         0x0000000000000000        0xc Core/Src/config.o
 .group         0x0000000000000000        0xc Core/Src/config.o
 .group         0x0000000000000000        0xc Core/Src/config.o
 .group         0x0000000000000000        0xc Core/Src/config.o
 .group         0x0000000000000000        0xc Core/Src/config.o
 .text          0x0000000000000000        0x0 Core/Src/config.o
 .data          0x0000000000000000        0x0 Core/Src/config.o
 .bss           0x0000000000000000        0x0 Core/Src/config.o
 .debug_macro   0x0000000000000000      0xa5a Core/Src/config.o
 .debug_macro   0x0000000000000000       0x22 Core/Src/config.o
 .debug_macro   0x0000000000000000       0x40 Core/Src/config.o
 .debug_macro   0x0000000000000000       0x18 Core/Src/config.o
 .debug_macro   0x0000000000000000       0x94 Core/Src/config.o
 .debug_macro   0x0000000000000000       0x3c Core/Src/config.o
 .debug_macro   0x0000000000000000       0x34 Core/Src/config.o
 .debug_macro   0x0000000000000000       0x16 Core/Src/config.o
 .debug_macro   0x0000000000000000       0x57 Core/Src/config.o
 .debug_macro   0x0000000000000000       0x97 Core/Src/config.o
 .debug_macro   0x0000000000000000      0x330 Core/Src/config.o
 .debug_macro   0x0000000000000000       0xfd Core/Src/config.o
 .debug_macro   0x0000000000000000       0x10 Core/Src/config.o
 .debug_macro   0x0000000000000000       0x52 Core/Src/config.o
 .debug_macro   0x0000000000000000       0x1f Core/Src/config.o
 .debug_macro   0x0000000000000000       0x43 Core/Src/config.o
 .debug_macro   0x0000000000000000       0x20 Core/Src/config.o
 .debug_macro   0x0000000000000000      0x1a3 Core/Src/config.o
 .debug_macro   0x0000000000000000       0x10 Core/Src/config.o
 .debug_macro   0x0000000000000000       0x6a Core/Src/config.o
 .debug_macro   0x0000000000000000       0x1c Core/Src/config.o
 .debug_macro   0x0000000000000000       0x52 Core/Src/config.o
 .debug_macro   0x0000000000000000       0x40 Core/Src/config.o
 .debug_macro   0x0000000000000000       0x10 Core/Src/config.o
 .debug_macro   0x0000000000000000       0x40 Core/Src/config.o
 .debug_macro   0x0000000000000000       0xd7 Core/Src/config.o
 .debug_macro   0x0000000000000000       0x1c Core/Src/config.o
 .debug_macro   0x0000000000000000       0x3d Core/Src/config.o
 .debug_macro   0x0000000000000000       0x16 Core/Src/config.o
 .debug_macro   0x0000000000000000      0x145 Core/Src/config.o
 .debug_macro   0x0000000000000000       0x16 Core/Src/config.o
 .debug_macro   0x0000000000000000       0x35 Core/Src/config.o
 .debug_macro   0x0000000000000000       0x20 Core/Src/config.o
 .debug_macro   0x0000000000000000       0x28 Core/Src/config.o
 .debug_macro   0x0000000000000000       0xef Core/Src/config.o
 .debug_macro   0x0000000000000000      0x1df Core/Src/config.o
 .debug_macro   0x0000000000000000       0x1c Core/Src/config.o
 .debug_macro   0x0000000000000000       0x22 Core/Src/config.o
 .debug_macro   0x0000000000000000       0xd9 Core/Src/config.o
 .debug_macro   0x0000000000000000      0xf07 Core/Src/config.o
 .debug_macro   0x0000000000000000    0x10be0 Core/Src/config.o
 .group         0x0000000000000000        0xc Core/Src/main.o
 .group         0x0000000000000000        0xc Core/Src/main.o
 .group         0x0000000000000000        0xc Core/Src/main.o
 .group         0x0000000000000000        0xc Core/Src/main.o
 .group         0x0000000000000000        0xc Core/Src/main.o
 .group         0x0000000000000000        0xc Core/Src/main.o
 .group         0x0000000000000000        0xc Core/Src/main.o
 .group         0x0000000000000000        0xc Core/Src/main.o
 .group         0x0000000000000000        0xc Core/Src/main.o
 .group         0x0000000000000000        0xc Core/Src/main.o
 .group         0x0000000000000000        0xc Core/Src/main.o
 .group         0x0000000000000000        0xc Core/Src/main.o
 .group         0x0000000000000000        0xc Core/Src/main.o
 .group         0x0000000000000000        0xc Core/Src/main.o
 .group         0x0000000000000000        0xc Core/Src/main.o
 .group         0x0000000000000000        0xc Core/Src/main.o
 .group         0x0000000000000000        0xc Core/Src/main.o
 .group         0x0000000000000000        0xc Core/Src/main.o
 .group         0x0000000000000000        0xc Core/Src/main.o
 .group         0x0000000000000000        0xc Core/Src/main.o
 .group         0x0000000000000000        0xc Core/Src/main.o
 .group         0x0000000000000000        0xc Core/Src/main.o
 .group         0x0000000000000000        0xc Core/Src/main.o
 .group         0x0000000000000000        0xc Core/Src/main.o
 .group         0x0000000000000000        0xc Core/Src/main.o
 .group         0x0000000000000000        0xc Core/Src/main.o
 .group         0x0000000000000000        0xc Core/Src/main.o
 .group         0x0000000000000000        0xc Core/Src/main.o
 .group         0x0000000000000000        0xc Core/Src/main.o
 .group         0x0000000000000000        0xc Core/Src/main.o
 .group         0x0000000000000000        0xc Core/Src/main.o
 .group         0x0000000000000000        0xc Core/Src/main.o
 .group         0x0000000000000000        0xc Core/Src/main.o
 .group         0x0000000000000000        0xc Core/Src/main.o
 .group         0x0000000000000000        0xc Core/Src/main.o
 .group         0x0000000000000000        0xc Core/Src/main.o
 .group         0x0000000000000000        0xc Core/Src/main.o
 .group         0x0000000000000000        0xc Core/Src/main.o
 .group         0x0000000000000000        0xc Core/Src/main.o
 .group         0x0000000000000000        0xc Core/Src/main.o
 .group         0x0000000000000000        0xc Core/Src/main.o
 .group         0x0000000000000000        0xc Core/Src/main.o
 .group         0x0000000000000000        0xc Core/Src/main.o
 .group         0x0000000000000000        0xc Core/Src/main.o
 .group         0x0000000000000000        0xc Core/Src/main.o
 .group         0x0000000000000000        0xc Core/Src/main.o
 .text          0x0000000000000000        0x0 Core/Src/main.o
 .data          0x0000000000000000        0x0 Core/Src/main.o
 .bss           0x0000000000000000        0x0 Core/Src/main.o
 .text.Sine_xTOx
                0x0000000000000000       0xbe Core/Src/main.o
 .debug_macro   0x0000000000000000      0xa5a Core/Src/main.o
 .debug_macro   0x0000000000000000       0x22 Core/Src/main.o
 .debug_macro   0x0000000000000000       0x40 Core/Src/main.o
 .debug_macro   0x0000000000000000       0x18 Core/Src/main.o
 .debug_macro   0x0000000000000000       0x94 Core/Src/main.o
 .debug_macro   0x0000000000000000       0x3c Core/Src/main.o
 .debug_macro   0x0000000000000000       0x34 Core/Src/main.o
 .debug_macro   0x0000000000000000       0x16 Core/Src/main.o
 .debug_macro   0x0000000000000000       0x57 Core/Src/main.o
 .debug_macro   0x0000000000000000       0x97 Core/Src/main.o
 .debug_macro   0x0000000000000000      0x330 Core/Src/main.o
 .debug_macro   0x0000000000000000       0xfd Core/Src/main.o
 .debug_macro   0x0000000000000000       0x10 Core/Src/main.o
 .debug_macro   0x0000000000000000       0x52 Core/Src/main.o
 .debug_macro   0x0000000000000000       0x1f Core/Src/main.o
 .debug_macro   0x0000000000000000       0x43 Core/Src/main.o
 .debug_macro   0x0000000000000000       0x20 Core/Src/main.o
 .debug_macro   0x0000000000000000      0x1a3 Core/Src/main.o
 .debug_macro   0x0000000000000000       0x10 Core/Src/main.o
 .debug_macro   0x0000000000000000       0x6a Core/Src/main.o
 .debug_macro   0x0000000000000000       0x1c Core/Src/main.o
 .debug_macro   0x0000000000000000       0x52 Core/Src/main.o
 .debug_macro   0x0000000000000000       0x40 Core/Src/main.o
 .debug_macro   0x0000000000000000       0x10 Core/Src/main.o
 .debug_macro   0x0000000000000000       0x40 Core/Src/main.o
 .debug_macro   0x0000000000000000       0xd7 Core/Src/main.o
 .debug_macro   0x0000000000000000       0x1c Core/Src/main.o
 .debug_macro   0x0000000000000000       0x3d Core/Src/main.o
 .debug_macro   0x0000000000000000       0x16 Core/Src/main.o
 .debug_macro   0x0000000000000000      0x145 Core/Src/main.o
 .debug_macro   0x0000000000000000       0x16 Core/Src/main.o
 .debug_macro   0x0000000000000000       0x35 Core/Src/main.o
 .debug_macro   0x0000000000000000       0x20 Core/Src/main.o
 .debug_macro   0x0000000000000000       0x28 Core/Src/main.o
 .debug_macro   0x0000000000000000       0xef Core/Src/main.o
 .debug_macro   0x0000000000000000      0x1df Core/Src/main.o
 .debug_macro   0x0000000000000000       0x1c Core/Src/main.o
 .debug_macro   0x0000000000000000       0x22 Core/Src/main.o
 .debug_macro   0x0000000000000000       0xd9 Core/Src/main.o
 .debug_macro   0x0000000000000000      0xf07 Core/Src/main.o
 .debug_macro   0x0000000000000000    0x10be0 Core/Src/main.o
 .group         0x0000000000000000        0xc Core/Src/syscalls.o
 .group         0x0000000000000000        0xc Core/Src/syscalls.o
 .group         0x0000000000000000        0xc Core/Src/syscalls.o
 .group         0x0000000000000000        0xc Core/Src/syscalls.o
 .group         0x0000000000000000        0xc Core/Src/syscalls.o
 .group         0x0000000000000000        0xc Core/Src/syscalls.o
 .group         0x0000000000000000        0xc Core/Src/syscalls.o
 .group         0x0000000000000000        0xc Core/Src/syscalls.o
 .group         0x0000000000000000        0xc Core/Src/syscalls.o
 .group         0x0000000000000000        0xc Core/Src/syscalls.o
 .group         0x0000000000000000        0xc Core/Src/syscalls.o
 .group         0x0000000000000000        0xc Core/Src/syscalls.o
 .group         0x0000000000000000        0xc Core/Src/syscalls.o
 .group         0x0000000000000000        0xc Core/Src/syscalls.o
 .group         0x0000000000000000        0xc Core/Src/syscalls.o
 .group         0x0000000000000000        0xc Core/Src/syscalls.o
 .group         0x0000000000000000        0xc Core/Src/syscalls.o
 .group         0x0000000000000000        0xc Core/Src/syscalls.o
 .group         0x0000000000000000        0xc Core/Src/syscalls.o
 .group         0x0000000000000000        0xc Core/Src/syscalls.o
 .group         0x0000000000000000        0xc Core/Src/syscalls.o
 .group         0x0000000000000000        0xc Core/Src/syscalls.o
 .group         0x0000000000000000        0xc Core/Src/syscalls.o
 .group         0x0000000000000000        0xc Core/Src/syscalls.o
 .group         0x0000000000000000        0xc Core/Src/syscalls.o
 .group         0x0000000000000000        0xc Core/Src/syscalls.o
 .group         0x0000000000000000        0xc Core/Src/syscalls.o
 .group         0x0000000000000000        0xc Core/Src/syscalls.o
 .group         0x0000000000000000        0xc Core/Src/syscalls.o
 .group         0x0000000000000000        0xc Core/Src/syscalls.o
 .group         0x0000000000000000        0xc Core/Src/syscalls.o
 .group         0x0000000000000000        0xc Core/Src/syscalls.o
 .group         0x0000000000000000        0xc Core/Src/syscalls.o
 .group         0x0000000000000000        0xc Core/Src/syscalls.o
 .group         0x0000000000000000        0xc Core/Src/syscalls.o
 .group         0x0000000000000000        0xc Core/Src/syscalls.o
 .group         0x0000000000000000        0xc Core/Src/syscalls.o
 .group         0x0000000000000000        0xc Core/Src/syscalls.o
 .group         0x0000000000000000        0xc Core/Src/syscalls.o
 .group         0x0000000000000000        0xc Core/Src/syscalls.o
 .group         0x0000000000000000        0xc Core/Src/syscalls.o
 .group         0x0000000000000000        0xc Core/Src/syscalls.o
 .group         0x0000000000000000        0xc Core/Src/syscalls.o
 .group         0x0000000000000000        0xc Core/Src/syscalls.o
 .text          0x0000000000000000        0x0 Core/Src/syscalls.o
 .data          0x0000000000000000        0x0 Core/Src/syscalls.o
 .bss           0x0000000000000000        0x0 Core/Src/syscalls.o
 .bss.__env     0x0000000000000000        0x4 Core/Src/syscalls.o
 .data.environ  0x0000000000000000        0x4 Core/Src/syscalls.o
 .text.initialise_monitor_handles
                0x0000000000000000        0xe Core/Src/syscalls.o
 .text._getpid  0x0000000000000000       0x10 Core/Src/syscalls.o
 .text._kill    0x0000000000000000       0x20 Core/Src/syscalls.o
 .text._exit    0x0000000000000000       0x14 Core/Src/syscalls.o
 .text._read    0x0000000000000000       0x3a Core/Src/syscalls.o
 .text._write   0x0000000000000000       0x38 Core/Src/syscalls.o
 .text._close   0x0000000000000000       0x18 Core/Src/syscalls.o
 .text._fstat   0x0000000000000000       0x20 Core/Src/syscalls.o
 .text._isatty  0x0000000000000000       0x16 Core/Src/syscalls.o
 .text._lseek   0x0000000000000000       0x1a Core/Src/syscalls.o
 .text._open    0x0000000000000000       0x1c Core/Src/syscalls.o
 .text._wait    0x0000000000000000       0x1e Core/Src/syscalls.o
 .text._unlink  0x0000000000000000       0x1e Core/Src/syscalls.o
 .text._times   0x0000000000000000       0x18 Core/Src/syscalls.o
 .text._stat    0x0000000000000000       0x20 Core/Src/syscalls.o
 .text._link    0x0000000000000000       0x20 Core/Src/syscalls.o
 .text._fork    0x0000000000000000       0x16 Core/Src/syscalls.o
 .text._execve  0x0000000000000000       0x22 Core/Src/syscalls.o
 .debug_info    0x0000000000000000      0xebd Core/Src/syscalls.o
 .debug_abbrev  0x0000000000000000      0x261 Core/Src/syscalls.o
 .debug_aranges
                0x0000000000000000       0xa8 Core/Src/syscalls.o
 .debug_ranges  0x0000000000000000       0x98 Core/Src/syscalls.o
 .debug_macro   0x0000000000000000      0x243 Core/Src/syscalls.o
 .debug_macro   0x0000000000000000      0xa5a Core/Src/syscalls.o
 .debug_macro   0x0000000000000000       0x22 Core/Src/syscalls.o
 .debug_macro   0x0000000000000000       0x40 Core/Src/syscalls.o
 .debug_macro   0x0000000000000000       0x18 Core/Src/syscalls.o
 .debug_macro   0x0000000000000000       0x94 Core/Src/syscalls.o
 .debug_macro   0x0000000000000000       0x3c Core/Src/syscalls.o
 .debug_macro   0x0000000000000000       0x34 Core/Src/syscalls.o
 .debug_macro   0x0000000000000000       0x57 Core/Src/syscalls.o
 .debug_macro   0x0000000000000000      0x174 Core/Src/syscalls.o
 .debug_macro   0x0000000000000000      0x330 Core/Src/syscalls.o
 .debug_macro   0x0000000000000000       0x52 Core/Src/syscalls.o
 .debug_macro   0x0000000000000000       0x1f Core/Src/syscalls.o
 .debug_macro   0x0000000000000000       0x43 Core/Src/syscalls.o
 .debug_macro   0x0000000000000000       0x20 Core/Src/syscalls.o
 .debug_macro   0x0000000000000000      0x1a3 Core/Src/syscalls.o
 .debug_macro   0x0000000000000000       0x10 Core/Src/syscalls.o
 .debug_macro   0x0000000000000000       0x35 Core/Src/syscalls.o
 .debug_macro   0x0000000000000000       0x10 Core/Src/syscalls.o
 .debug_macro   0x0000000000000000       0x10 Core/Src/syscalls.o
 .debug_macro   0x0000000000000000       0x10 Core/Src/syscalls.o
 .debug_macro   0x0000000000000000       0x6a Core/Src/syscalls.o
 .debug_macro   0x0000000000000000       0x1c Core/Src/syscalls.o
 .debug_macro   0x0000000000000000       0x52 Core/Src/syscalls.o
 .debug_macro   0x0000000000000000       0x40 Core/Src/syscalls.o
 .debug_macro   0x0000000000000000       0x10 Core/Src/syscalls.o
 .debug_macro   0x0000000000000000       0x40 Core/Src/syscalls.o
 .debug_macro   0x0000000000000000       0xd7 Core/Src/syscalls.o
 .debug_macro   0x0000000000000000       0x1c Core/Src/syscalls.o
 .debug_macro   0x0000000000000000       0x3d Core/Src/syscalls.o
 .debug_macro   0x0000000000000000       0x35 Core/Src/syscalls.o
 .debug_macro   0x0000000000000000      0x122 Core/Src/syscalls.o
 .debug_macro   0x0000000000000000       0x16 Core/Src/syscalls.o
 .debug_macro   0x0000000000000000       0x16 Core/Src/syscalls.o
 .debug_macro   0x0000000000000000       0x29 Core/Src/syscalls.o
 .debug_macro   0x0000000000000000       0x10 Core/Src/syscalls.o
 .debug_macro   0x0000000000000000      0x241 Core/Src/syscalls.o
 .debug_macro   0x0000000000000000       0x1c Core/Src/syscalls.o
 .debug_macro   0x0000000000000000       0x10 Core/Src/syscalls.o
 .debug_macro   0x0000000000000000       0x10 Core/Src/syscalls.o
 .debug_macro   0x0000000000000000       0x16 Core/Src/syscalls.o
 .debug_macro   0x0000000000000000      0x145 Core/Src/syscalls.o
 .debug_macro   0x0000000000000000      0x189 Core/Src/syscalls.o
 .debug_macro   0x0000000000000000       0x16 Core/Src/syscalls.o
 .debug_macro   0x0000000000000000       0x88 Core/Src/syscalls.o
 .debug_line    0x0000000000000000      0x73e Core/Src/syscalls.o
 .debug_str     0x0000000000000000     0x88a3 Core/Src/syscalls.o
 .comment       0x0000000000000000       0x7c Core/Src/syscalls.o
 .debug_frame   0x0000000000000000      0x2ac Core/Src/syscalls.o
 .ARM.attributes
                0x0000000000000000       0x39 Core/Src/syscalls.o
 .group         0x0000000000000000        0xc Core/Src/sysmem.o
 .group         0x0000000000000000        0xc Core/Src/sysmem.o
 .group         0x0000000000000000        0xc Core/Src/sysmem.o
 .group         0x0000000000000000        0xc Core/Src/sysmem.o
 .group         0x0000000000000000        0xc Core/Src/sysmem.o
 .group         0x0000000000000000        0xc Core/Src/sysmem.o
 .group         0x0000000000000000        0xc Core/Src/sysmem.o
 .group         0x0000000000000000        0xc Core/Src/sysmem.o
 .group         0x0000000000000000        0xc Core/Src/sysmem.o
 .group         0x0000000000000000        0xc Core/Src/sysmem.o
 .group         0x0000000000000000        0xc Core/Src/sysmem.o
 .group         0x0000000000000000        0xc Core/Src/sysmem.o
 .group         0x0000000000000000        0xc Core/Src/sysmem.o
 .group         0x0000000000000000        0xc Core/Src/sysmem.o
 .group         0x0000000000000000        0xc Core/Src/sysmem.o
 .group         0x0000000000000000        0xc Core/Src/sysmem.o
 .group         0x0000000000000000        0xc Core/Src/sysmem.o
 .group         0x0000000000000000        0xc Core/Src/sysmem.o
 .group         0x0000000000000000        0xc Core/Src/sysmem.o
 .text          0x0000000000000000        0x0 Core/Src/sysmem.o
 .data          0x0000000000000000        0x0 Core/Src/sysmem.o
 .bss           0x0000000000000000        0x0 Core/Src/sysmem.o
 .bss.__sbrk_heap_end
                0x0000000000000000        0x4 Core/Src/sysmem.o
 .text._sbrk    0x0000000000000000       0x6c Core/Src/sysmem.o
 .debug_info    0x0000000000000000      0x985 Core/Src/sysmem.o
 .debug_abbrev  0x0000000000000000      0x19b Core/Src/sysmem.o
 .debug_aranges
                0x0000000000000000       0x20 Core/Src/sysmem.o
 .debug_ranges  0x0000000000000000       0x10 Core/Src/sysmem.o
 .debug_macro   0x0000000000000000       0xee Core/Src/sysmem.o
 .debug_macro   0x0000000000000000      0xa5a Core/Src/sysmem.o
 .debug_macro   0x0000000000000000       0x10 Core/Src/sysmem.o
 .debug_macro   0x0000000000000000       0x22 Core/Src/sysmem.o
 .debug_macro   0x0000000000000000       0x40 Core/Src/sysmem.o
 .debug_macro   0x0000000000000000       0x18 Core/Src/sysmem.o
 .debug_macro   0x0000000000000000       0x94 Core/Src/sysmem.o
 .debug_macro   0x0000000000000000       0x3c Core/Src/sysmem.o
 .debug_macro   0x0000000000000000       0x34 Core/Src/sysmem.o
 .debug_macro   0x0000000000000000      0x174 Core/Src/sysmem.o
 .debug_macro   0x0000000000000000       0x57 Core/Src/sysmem.o
 .debug_macro   0x0000000000000000       0x52 Core/Src/sysmem.o
 .debug_macro   0x0000000000000000       0x1f Core/Src/sysmem.o
 .debug_macro   0x0000000000000000       0x43 Core/Src/sysmem.o
 .debug_macro   0x0000000000000000       0x20 Core/Src/sysmem.o
 .debug_macro   0x0000000000000000      0x1a3 Core/Src/sysmem.o
 .debug_macro   0x0000000000000000      0x23b Core/Src/sysmem.o
 .debug_macro   0x0000000000000000       0xef Core/Src/sysmem.o
 .debug_macro   0x0000000000000000       0x6a Core/Src/sysmem.o
 .debug_macro   0x0000000000000000      0x1df Core/Src/sysmem.o
 .debug_line    0x0000000000000000      0x4c7 Core/Src/sysmem.o
 .debug_str     0x0000000000000000     0x5f71 Core/Src/sysmem.o
 .comment       0x0000000000000000       0x7c Core/Src/sysmem.o
 .debug_frame   0x0000000000000000       0x34 Core/Src/sysmem.o
 .ARM.attributes
                0x0000000000000000       0x39 Core/Src/sysmem.o
 .group         0x0000000000000000        0xc Core/Src/system_stm32f3xx.o
 .group         0x0000000000000000        0xc Core/Src/system_stm32f3xx.o
 .group         0x0000000000000000        0xc Core/Src/system_stm32f3xx.o
 .group         0x0000000000000000        0xc Core/Src/system_stm32f3xx.o
 .group         0x0000000000000000        0xc Core/Src/system_stm32f3xx.o
 .group         0x0000000000000000        0xc Core/Src/system_stm32f3xx.o
 .group         0x0000000000000000        0xc Core/Src/system_stm32f3xx.o
 .group         0x0000000000000000        0xc Core/Src/system_stm32f3xx.o
 .group         0x0000000000000000        0xc Core/Src/system_stm32f3xx.o
 .group         0x0000000000000000        0xc Core/Src/system_stm32f3xx.o
 .group         0x0000000000000000        0xc Core/Src/system_stm32f3xx.o
 .group         0x0000000000000000        0xc Core/Src/system_stm32f3xx.o
 .group         0x0000000000000000        0xc Core/Src/system_stm32f3xx.o
 .group         0x0000000000000000        0xc Core/Src/system_stm32f3xx.o
 .group         0x0000000000000000        0xc Core/Src/system_stm32f3xx.o
 .text          0x0000000000000000        0x0 Core/Src/system_stm32f3xx.o
 .data          0x0000000000000000        0x0 Core/Src/system_stm32f3xx.o
 .bss           0x0000000000000000        0x0 Core/Src/system_stm32f3xx.o
 .data.SystemCoreClock
                0x0000000000000000        0x4 Core/Src/system_stm32f3xx.o
 .rodata.AHBPrescTable
                0x0000000000000000       0x10 Core/Src/system_stm32f3xx.o
 .rodata.APBPrescTable
                0x0000000000000000        0x8 Core/Src/system_stm32f3xx.o
 .text.SystemCoreClockUpdate
                0x0000000000000000       0xd4 Core/Src/system_stm32f3xx.o
 .debug_macro   0x0000000000000000      0xa5a Core/Src/system_stm32f3xx.o
 .debug_macro   0x0000000000000000       0x28 Core/Src/system_stm32f3xx.o
 .debug_macro   0x0000000000000000       0x22 Core/Src/system_stm32f3xx.o
 .debug_macro   0x0000000000000000       0xef Core/Src/system_stm32f3xx.o
 .debug_macro   0x0000000000000000       0x6a Core/Src/system_stm32f3xx.o
 .debug_macro   0x0000000000000000      0x1df Core/Src/system_stm32f3xx.o
 .debug_macro   0x0000000000000000       0x1c Core/Src/system_stm32f3xx.o
 .debug_macro   0x0000000000000000       0x22 Core/Src/system_stm32f3xx.o
 .debug_macro   0x0000000000000000      0xf07 Core/Src/system_stm32f3xx.o
 .debug_macro   0x0000000000000000    0x10be0 Core/Src/system_stm32f3xx.o
 .text          0x0000000000000000       0x14 Core/Startup/startup_stm32f303r6tx.o
 .data          0x0000000000000000        0x0 Core/Startup/startup_stm32f303r6tx.o
 .bss           0x0000000000000000        0x0 Core/Startup/startup_stm32f303r6tx.o
 .text          0x0000000000000000        0x0 c:/st/stm32cubeide_1.5.1/stm32cubeide/plugins/com.st.stm32cube.ide.mcu.externaltools.gnu-tools-for-stm32.7-2018-q2-update.win32_1.5.0.202011040924/tools/bin/../lib/gcc/arm-none-eabi/7.3.1/../../../../arm-none-eabi/lib/thumb/v7e-m/fpv4-sp/hard\libc_nano.a(lib_a-errno.o)
 .data          0x0000000000000000        0x0 c:/st/stm32cubeide_1.5.1/stm32cubeide/plugins/com.st.stm32cube.ide.mcu.externaltools.gnu-tools-for-stm32.7-2018-q2-update.win32_1.5.0.202011040924/tools/bin/../lib/gcc/arm-none-eabi/7.3.1/../../../../arm-none-eabi/lib/thumb/v7e-m/fpv4-sp/hard\libc_nano.a(lib_a-errno.o)
 .bss           0x0000000000000000        0x0 c:/st/stm32cubeide_1.5.1/stm32cubeide/plugins/com.st.stm32cube.ide.mcu.externaltools.gnu-tools-for-stm32.7-2018-q2-update.win32_1.5.0.202011040924/tools/bin/../lib/gcc/arm-none-eabi/7.3.1/../../../../arm-none-eabi/lib/thumb/v7e-m/fpv4-sp/hard\libc_nano.a(lib_a-errno.o)
 .text.__errno  0x0000000000000000        0xc c:/st/stm32cubeide_1.5.1/stm32cubeide/plugins/com.st.stm32cube.ide.mcu.externaltools.gnu-tools-for-stm32.7-2018-q2-update.win32_1.5.0.202011040924/tools/bin/../lib/gcc/arm-none-eabi/7.3.1/../../../../arm-none-eabi/lib/thumb/v7e-m/fpv4-sp/hard\libc_nano.a(lib_a-errno.o)
 .debug_frame   0x0000000000000000       0x20 c:/st/stm32cubeide_1.5.1/stm32cubeide/plugins/com.st.stm32cube.ide.mcu.externaltools.gnu-tools-for-stm32.7-2018-q2-update.win32_1.5.0.202011040924/tools/bin/../lib/gcc/arm-none-eabi/7.3.1/../../../../arm-none-eabi/lib/thumb/v7e-m/fpv4-sp/hard\libc_nano.a(lib_a-errno.o)
 .ARM.attributes
                0x0000000000000000       0x34 c:/st/stm32cubeide_1.5.1/stm32cubeide/plugins/com.st.stm32cube.ide.mcu.externaltools.gnu-tools-for-stm32.7-2018-q2-update.win32_1.5.0.202011040924/tools/bin/../lib/gcc/arm-none-eabi/7.3.1/../../../../arm-none-eabi/lib/thumb/v7e-m/fpv4-sp/hard\libc_nano.a(lib_a-errno.o)
 .text          0x0000000000000000        0x0 c:/st/stm32cubeide_1.5.1/stm32cubeide/plugins/com.st.stm32cube.ide.mcu.externaltools.gnu-tools-for-stm32.7-2018-q2-update.win32_1.5.0.202011040924/tools/bin/../lib/gcc/arm-none-eabi/7.3.1/../../../../arm-none-eabi/lib/thumb/v7e-m/fpv4-sp/hard\libc_nano.a(lib_a-exit.o)
 .data          0x0000000000000000        0x0 c:/st/stm32cubeide_1.5.1/stm32cubeide/plugins/com.st.stm32cube.ide.mcu.externaltools.gnu-tools-for-stm32.7-2018-q2-update.win32_1.5.0.202011040924/tools/bin/../lib/gcc/arm-none-eabi/7.3.1/../../../../arm-none-eabi/lib/thumb/v7e-m/fpv4-sp/hard\libc_nano.a(lib_a-exit.o)
 .bss           0x0000000000000000        0x0 c:/st/stm32cubeide_1.5.1/stm32cubeide/plugins/com.st.stm32cube.ide.mcu.externaltools.gnu-tools-for-stm32.7-2018-q2-update.win32_1.5.0.202011040924/tools/bin/../lib/gcc/arm-none-eabi/7.3.1/../../../../arm-none-eabi/lib/thumb/v7e-m/fpv4-sp/hard\libc_nano.a(lib_a-exit.o)
 .text.exit     0x0000000000000000       0x28 c:/st/stm32cubeide_1.5.1/stm32cubeide/plugins/com.st.stm32cube.ide.mcu.externaltools.gnu-tools-for-stm32.7-2018-q2-update.win32_1.5.0.202011040924/tools/bin/../lib/gcc/arm-none-eabi/7.3.1/../../../../arm-none-eabi/lib/thumb/v7e-m/fpv4-sp/hard\libc_nano.a(lib_a-exit.o)
 .debug_frame   0x0000000000000000       0x28 c:/st/stm32cubeide_1.5.1/stm32cubeide/plugins/com.st.stm32cube.ide.mcu.externaltools.gnu-tools-for-stm32.7-2018-q2-update.win32_1.5.0.202011040924/tools/bin/../lib/gcc/arm-none-eabi/7.3.1/../../../../arm-none-eabi/lib/thumb/v7e-m/fpv4-sp/hard\libc_nano.a(lib_a-exit.o)
 .ARM.attributes
                0x0000000000000000       0x34 c:/st/stm32cubeide_1.5.1/stm32cubeide/plugins/com.st.stm32cube.ide.mcu.externaltools.gnu-tools-for-stm32.7-2018-q2-update.win32_1.5.0.202011040924/tools/bin/../lib/gcc/arm-none-eabi/7.3.1/../../../../arm-none-eabi/lib/thumb/v7e-m/fpv4-sp/hard\libc_nano.a(lib_a-exit.o)
 .text          0x0000000000000000        0x0 c:/st/stm32cubeide_1.5.1/stm32cubeide/plugins/com.st.stm32cube.ide.mcu.externaltools.gnu-tools-for-stm32.7-2018-q2-update.win32_1.5.0.202011040924/tools/bin/../lib/gcc/arm-none-eabi/7.3.1/../../../../arm-none-eabi/lib/thumb/v7e-m/fpv4-sp/hard\libc_nano.a(lib_a-impure.o)
 .data          0x0000000000000000        0x0 c:/st/stm32cubeide_1.5.1/stm32cubeide/plugins/com.st.stm32cube.ide.mcu.externaltools.gnu-tools-for-stm32.7-2018-q2-update.win32_1.5.0.202011040924/tools/bin/../lib/gcc/arm-none-eabi/7.3.1/../../../../arm-none-eabi/lib/thumb/v7e-m/fpv4-sp/hard\libc_nano.a(lib_a-impure.o)
 .bss           0x0000000000000000        0x0 c:/st/stm32cubeide_1.5.1/stm32cubeide/plugins/com.st.stm32cube.ide.mcu.externaltools.gnu-tools-for-stm32.7-2018-q2-update.win32_1.5.0.202011040924/tools/bin/../lib/gcc/arm-none-eabi/7.3.1/../../../../arm-none-eabi/lib/thumb/v7e-m/fpv4-sp/hard\libc_nano.a(lib_a-impure.o)
 .data._impure_ptr
                0x0000000000000000        0x4 c:/st/stm32cubeide_1.5.1/stm32cubeide/plugins/com.st.stm32cube.ide.mcu.externaltools.gnu-tools-for-stm32.7-2018-q2-update.win32_1.5.0.202011040924/tools/bin/../lib/gcc/arm-none-eabi/7.3.1/../../../../arm-none-eabi/lib/thumb/v7e-m/fpv4-sp/hard\libc_nano.a(lib_a-impure.o)
 .data.impure_data
                0x0000000000000000       0x60 c:/st/stm32cubeide_1.5.1/stm32cubeide/plugins/com.st.stm32cube.ide.mcu.externaltools.gnu-tools-for-stm32.7-2018-q2-update.win32_1.5.0.202011040924/tools/bin/../lib/gcc/arm-none-eabi/7.3.1/../../../../arm-none-eabi/lib/thumb/v7e-m/fpv4-sp/hard\libc_nano.a(lib_a-impure.o)
 .rodata._global_impure_ptr
                0x0000000000000000        0x4 c:/st/stm32cubeide_1.5.1/stm32cubeide/plugins/com.st.stm32cube.ide.mcu.externaltools.gnu-tools-for-stm32.7-2018-q2-update.win32_1.5.0.202011040924/tools/bin/../lib/gcc/arm-none-eabi/7.3.1/../../../../arm-none-eabi/lib/thumb/v7e-m/fpv4-sp/hard\libc_nano.a(lib_a-impure.o)
 .ARM.attributes
                0x0000000000000000       0x34 c:/st/stm32cubeide_1.5.1/stm32cubeide/plugins/com.st.stm32cube.ide.mcu.externaltools.gnu-tools-for-stm32.7-2018-q2-update.win32_1.5.0.202011040924/tools/bin/../lib/gcc/arm-none-eabi/7.3.1/../../../../arm-none-eabi/lib/thumb/v7e-m/fpv4-sp/hard\libc_nano.a(lib_a-impure.o)
 .text          0x0000000000000000        0x0 c:/st/stm32cubeide_1.5.1/stm32cubeide/plugins/com.st.stm32cube.ide.mcu.externaltools.gnu-tools-for-stm32.7-2018-q2-update.win32_1.5.0.202011040924/tools/bin/../lib/gcc/arm-none-eabi/7.3.1/../../../../arm-none-eabi/lib/thumb/v7e-m/fpv4-sp/hard\libc_nano.a(lib_a-init.o)
 .data          0x0000000000000000        0x0 c:/st/stm32cubeide_1.5.1/stm32cubeide/plugins/com.st.stm32cube.ide.mcu.externaltools.gnu-tools-for-stm32.7-2018-q2-update.win32_1.5.0.202011040924/tools/bin/../lib/gcc/arm-none-eabi/7.3.1/../../../../arm-none-eabi/lib/thumb/v7e-m/fpv4-sp/hard\libc_nano.a(lib_a-init.o)
 .bss           0x0000000000000000        0x0 c:/st/stm32cubeide_1.5.1/stm32cubeide/plugins/com.st.stm32cube.ide.mcu.externaltools.gnu-tools-for-stm32.7-2018-q2-update.win32_1.5.0.202011040924/tools/bin/../lib/gcc/arm-none-eabi/7.3.1/../../../../arm-none-eabi/lib/thumb/v7e-m/fpv4-sp/hard\libc_nano.a(lib_a-init.o)
 .text          0x0000000000000000        0x0 c:/st/stm32cubeide_1.5.1/stm32cubeide/plugins/com.st.stm32cube.ide.mcu.externaltools.gnu-tools-for-stm32.7-2018-q2-update.win32_1.5.0.202011040924/tools/bin/../lib/gcc/arm-none-eabi/7.3.1/../../../../arm-none-eabi/lib/thumb/v7e-m/fpv4-sp/hard\libc_nano.a(lib_a-memset.o)
 .data          0x0000000000000000        0x0 c:/st/stm32cubeide_1.5.1/stm32cubeide/plugins/com.st.stm32cube.ide.mcu.externaltools.gnu-tools-for-stm32.7-2018-q2-update.win32_1.5.0.202011040924/tools/bin/../lib/gcc/arm-none-eabi/7.3.1/../../../../arm-none-eabi/lib/thumb/v7e-m/fpv4-sp/hard\libc_nano.a(lib_a-memset.o)
 .bss           0x0000000000000000        0x0 c:/st/stm32cubeide_1.5.1/stm32cubeide/plugins/com.st.stm32cube.ide.mcu.externaltools.gnu-tools-for-stm32.7-2018-q2-update.win32_1.5.0.202011040924/tools/bin/../lib/gcc/arm-none-eabi/7.3.1/../../../../arm-none-eabi/lib/thumb/v7e-m/fpv4-sp/hard\libc_nano.a(lib_a-memset.o)
 .text.memset   0x0000000000000000       0x10 c:/st/stm32cubeide_1.5.1/stm32cubeide/plugins/com.st.stm32cube.ide.mcu.externaltools.gnu-tools-for-stm32.7-2018-q2-update.win32_1.5.0.202011040924/tools/bin/../lib/gcc/arm-none-eabi/7.3.1/../../../../arm-none-eabi/lib/thumb/v7e-m/fpv4-sp/hard\libc_nano.a(lib_a-memset.o)
 .debug_frame   0x0000000000000000       0x20 c:/st/stm32cubeide_1.5.1/stm32cubeide/plugins/com.st.stm32cube.ide.mcu.externaltools.gnu-tools-for-stm32.7-2018-q2-update.win32_1.5.0.202011040924/tools/bin/../lib/gcc/arm-none-eabi/7.3.1/../../../../arm-none-eabi/lib/thumb/v7e-m/fpv4-sp/hard\libc_nano.a(lib_a-memset.o)
 .ARM.attributes
                0x0000000000000000       0x34 c:/st/stm32cubeide_1.5.1/stm32cubeide/plugins/com.st.stm32cube.ide.mcu.externaltools.gnu-tools-for-stm32.7-2018-q2-update.win32_1.5.0.202011040924/tools/bin/../lib/gcc/arm-none-eabi/7.3.1/../../../../arm-none-eabi/lib/thumb/v7e-m/fpv4-sp/hard\libc_nano.a(lib_a-memset.o)
 .text          0x0000000000000000        0x0 c:/st/stm32cubeide_1.5.1/stm32cubeide/plugins/com.st.stm32cube.ide.mcu.externaltools.gnu-tools-for-stm32.7-2018-q2-update.win32_1.5.0.202011040924/tools/bin/../lib/gcc/arm-none-eabi/7.3.1/thumb/v7e-m/fpv4-sp/hard/crtend.o
 .data          0x0000000000000000        0x0 c:/st/stm32cubeide_1.5.1/stm32cubeide/plugins/com.st.stm32cube.ide.mcu.externaltools.gnu-tools-for-stm32.7-2018-q2-update.win32_1.5.0.202011040924/tools/bin/../lib/gcc/arm-none-eabi/7.3.1/thumb/v7e-m/fpv4-sp/hard/crtend.o
 .bss           0x0000000000000000        0x0 c:/st/stm32cubeide_1.5.1/stm32cubeide/plugins/com.st.stm32cube.ide.mcu.externaltools.gnu-tools-for-stm32.7-2018-q2-update.win32_1.5.0.202011040924/tools/bin/../lib/gcc/arm-none-eabi/7.3.1/thumb/v7e-m/fpv4-sp/hard/crtend.o
 .eh_frame      0x0000000000000000        0x4 c:/st/stm32cubeide_1.5.1/stm32cubeide/plugins/com.st.stm32cube.ide.mcu.externaltools.gnu-tools-for-stm32.7-2018-q2-update.win32_1.5.0.202011040924/tools/bin/../lib/gcc/arm-none-eabi/7.3.1/thumb/v7e-m/fpv4-sp/hard/crtend.o
 .ARM.attributes
                0x0000000000000000       0x34 c:/st/stm32cubeide_1.5.1/stm32cubeide/plugins/com.st.stm32cube.ide.mcu.externaltools.gnu-tools-for-stm32.7-2018-q2-update.win32_1.5.0.202011040924/tools/bin/../lib/gcc/arm-none-eabi/7.3.1/thumb/v7e-m/fpv4-sp/hard/crtend.o
 .text          0x0000000000000000        0x0 c:/st/stm32cubeide_1.5.1/stm32cubeide/plugins/com.st.stm32cube.ide.mcu.externaltools.gnu-tools-for-stm32.7-2018-q2-update.win32_1.5.0.202011040924/tools/bin/../lib/gcc/arm-none-eabi/7.3.1/thumb/v7e-m/fpv4-sp/hard/crtn.o
 .data          0x0000000000000000        0x0 c:/st/stm32cubeide_1.5.1/stm32cubeide/plugins/com.st.stm32cube.ide.mcu.externaltools.gnu-tools-for-stm32.7-2018-q2-update.win32_1.5.0.202011040924/tools/bin/../lib/gcc/arm-none-eabi/7.3.1/thumb/v7e-m/fpv4-sp/hard/crtn.o
 .bss           0x0000000000000000        0x0 c:/st/stm32cubeide_1.5.1/stm32cubeide/plugins/com.st.stm32cube.ide.mcu.externaltools.gnu-tools-for-stm32.7-2018-q2-update.win32_1.5.0.202011040924/tools/bin/../lib/gcc/arm-none-eabi/7.3.1/thumb/v7e-m/fpv4-sp/hard/crtn.o

Memory Configuration

Name             Origin             Length             Attributes
CCMRAM           0x0000000010000000 0x0000000000001000 xrw
RAM              0x0000000020000000 0x0000000000003000 xrw
FLASH            0x0000000008000000 0x0000000000008000 xr
*default*        0x0000000000000000 0xffffffffffffffff

Linker script and memory map

LOAD c:/st/stm32cubeide_1.5.1/stm32cubeide/plugins/com.st.stm32cube.ide.mcu.externaltools.gnu-tools-for-stm32.7-2018-q2-update.win32_1.5.0.202011040924/tools/bin/../lib/gcc/arm-none-eabi/7.3.1/thumb/v7e-m/fpv4-sp/hard/crti.o
LOAD c:/st/stm32cubeide_1.5.1/stm32cubeide/plugins/com.st.stm32cube.ide.mcu.externaltools.gnu-tools-for-stm32.7-2018-q2-update.win32_1.5.0.202011040924/tools/bin/../lib/gcc/arm-none-eabi/7.3.1/thumb/v7e-m/fpv4-sp/hard/crtbegin.o
LOAD c:/st/stm32cubeide_1.5.1/stm32cubeide/plugins/com.st.stm32cube.ide.mcu.externaltools.gnu-tools-for-stm32.7-2018-q2-update.win32_1.5.0.202011040924/tools/bin/../lib/gcc/arm-none-eabi/7.3.1/../../../../arm-none-eabi/lib/thumb/v7e-m/fpv4-sp/hard/crt0.o
LOAD Core/Src/can.o
LOAD Core/Src/config.o
LOAD Core/Src/main.o
LOAD Core/Src/syscalls.o
LOAD Core/Src/sysmem.o
LOAD Core/Src/system_stm32f3xx.o
LOAD Core/Startup/startup_stm32f303r6tx.o
START GROUP
LOAD c:/st/stm32cubeide_1.5.1/stm32cubeide/plugins/com.st.stm32cube.ide.mcu.externaltools.gnu-tools-for-stm32.7-2018-q2-update.win32_1.5.0.202011040924/tools/bin/../lib/gcc/arm-none-eabi/7.3.1/../../../../arm-none-eabi/lib/thumb/v7e-m/fpv4-sp/hard\libc_nano.a
LOAD c:/st/stm32cubeide_1.5.1/stm32cubeide/plugins/com.st.stm32cube.ide.mcu.externaltools.gnu-tools-for-stm32.7-2018-q2-update.win32_1.5.0.202011040924/tools/bin/../lib/gcc/arm-none-eabi/7.3.1/../../../../arm-none-eabi/lib/thumb/v7e-m/fpv4-sp/hard\libm.a
END GROUP
START GROUP
LOAD c:/st/stm32cubeide_1.5.1/stm32cubeide/plugins/com.st.stm32cube.ide.mcu.externaltools.gnu-tools-for-stm32.7-2018-q2-update.win32_1.5.0.202011040924/tools/bin/../lib/gcc/arm-none-eabi/7.3.1/thumb/v7e-m/fpv4-sp/hard\libgcc.a
LOAD c:/st/stm32cubeide_1.5.1/stm32cubeide/plugins/com.st.stm32cube.ide.mcu.externaltools.gnu-tools-for-stm32.7-2018-q2-update.win32_1.5.0.202011040924/tools/bin/../lib/gcc/arm-none-eabi/7.3.1/../../../../arm-none-eabi/lib/thumb/v7e-m/fpv4-sp/hard\libc_nano.a
END GROUP
START GROUP
LOAD c:/st/stm32cubeide_1.5.1/stm32cubeide/plugins/com.st.stm32cube.ide.mcu.externaltools.gnu-tools-for-stm32.7-2018-q2-update.win32_1.5.0.202011040924/tools/bin/../lib/gcc/arm-none-eabi/7.3.1/thumb/v7e-m/fpv4-sp/hard\libgcc.a
LOAD c:/st/stm32cubeide_1.5.1/stm32cubeide/plugins/com.st.stm32cube.ide.mcu.externaltools.gnu-tools-for-stm32.7-2018-q2-update.win32_1.5.0.202011040924/tools/bin/../lib/gcc/arm-none-eabi/7.3.1/../../../../arm-none-eabi/lib/thumb/v7e-m/fpv4-sp/hard\libc_nano.a
LOAD c:/st/stm32cubeide_1.5.1/stm32cubeide/plugins/com.st.stm32cube.ide.mcu.externaltools.gnu-tools-for-stm32.7-2018-q2-update.win32_1.5.0.202011040924/tools/bin/../lib/gcc/arm-none-eabi/7.3.1/../../../../arm-none-eabi/lib/thumb/v7e-m/fpv4-sp/hard\libnosys.a
END GROUP
START GROUP
LOAD c:/st/stm32cubeide_1.5.1/stm32cubeide/plugins/com.st.stm32cube.ide.mcu.externaltools.gnu-tools-for-stm32.7-2018-q2-update.win32_1.5.0.202011040924/tools/bin/../lib/gcc/arm-none-eabi/7.3.1/thumb/v7e-m/fpv4-sp/hard\libgcc.a
LOAD c:/st/stm32cubeide_1.5.1/stm32cubeide/plugins/com.st.stm32cube.ide.mcu.externaltools.gnu-tools-for-stm32.7-2018-q2-update.win32_1.5.0.202011040924/tools/bin/../lib/gcc/arm-none-eabi/7.3.1/../../../../arm-none-eabi/lib/thumb/v7e-m/fpv4-sp/hard\libc_nano.a
LOAD c:/st/stm32cubeide_1.5.1/stm32cubeide/plugins/com.st.stm32cube.ide.mcu.externaltools.gnu-tools-for-stm32.7-2018-q2-update.win32_1.5.0.202011040924/tools/bin/../lib/gcc/arm-none-eabi/7.3.1/../../../../arm-none-eabi/lib/thumb/v7e-m/fpv4-sp/hard\libnosys.a
END GROUP
LOAD c:/st/stm32cubeide_1.5.1/stm32cubeide/plugins/com.st.stm32cube.ide.mcu.externaltools.gnu-tools-for-stm32.7-2018-q2-update.win32_1.5.0.202011040924/tools/bin/../lib/gcc/arm-none-eabi/7.3.1/thumb/v7e-m/fpv4-sp/hard/crtend.o
LOAD c:/st/stm32cubeide_1.5.1/stm32cubeide/plugins/com.st.stm32cube.ide.mcu.externaltools.gnu-tools-for-stm32.7-2018-q2-update.win32_1.5.0.202011040924/tools/bin/../lib/gcc/arm-none-eabi/7.3.1/thumb/v7e-m/fpv4-sp/hard/crtn.o
                0x0000000020003000                _estack = (ORIGIN (RAM) + LENGTH (RAM))
                0x0000000000000200                _Min_Heap_Size = 0x200
                0x0000000000000400                _Min_Stack_Size = 0x400

.isr_vector     0x0000000008000000      0x188
                0x0000000008000000                . = ALIGN (0x4)
 *(.isr_vector)
 .isr_vector    0x0000000008000000      0x188 Core/Startup/startup_stm32f303r6tx.o
                0x0000000008000000                g_pfnVectors
                0x0000000008000188                . = ALIGN (0x4)

.text           0x0000000008000188      0xa2c
                0x0000000008000188                . = ALIGN (0x4)
 *(.text)
 .text          0x0000000008000188       0x40 c:/st/stm32cubeide_1.5.1/stm32cubeide/plugins/com.st.stm32cube.ide.mcu.externaltools.gnu-tools-for-stm32.7-2018-q2-update.win32_1.5.0.202011040924/tools/bin/../lib/gcc/arm-none-eabi/7.3.1/thumb/v7e-m/fpv4-sp/hard/crtbegin.o
 *(.text*)
 .text.__NVIC_EnableIRQ
                0x00000000080001c8       0x3c Core/Src/can.o
 .text.CanInit  0x0000000008000204       0x60 Core/Src/can.o
                0x0000000008000204                CanInit
 .text.Can_Rx_Msg
                0x0000000008000264       0xc8 Core/Src/can.o
                0x0000000008000264                Can_Rx_Msg
 .text.Can_Set_Filter
                0x000000000800032c      0x118 Core/Src/can.o
                0x000000000800032c                Can_Set_Filter
 .text.CAN_TX_IRQHandler
                0x0000000008000444       0x40 Core/Src/can.o
                0x0000000008000444                CAN_TX_IRQHandler
 .text.CAN_RX0_IRQHandler
                0x0000000008000484       0x34 Core/Src/can.o
                0x0000000008000484                CAN_RX0_IRQHandler
 .text.__NVIC_SetPriority
                0x00000000080004b8       0x54 Core/Src/config.o
 .text.SysTick_Config
                0x000000000800050c       0x44 Core/Src/config.o
 .text.SystemCFG
                0x0000000008000550      0x190 Core/Src/config.o
                0x0000000008000550                SystemCFG
 .text.delay_ms
                0x00000000080006e0       0x48 Core/Src/config.o
                0x00000000080006e0                delay_ms
 .text.SysTick_Handler
                0x0000000008000728       0x24 Core/Src/config.o
                0x0000000008000728                SysTick_Handler
 .text.VA_H     0x000000000800074c       0x30 Core/Src/main.o
                0x000000000800074c                VA_H
 .text.VA_L     0x000000000800077c       0x30 Core/Src/main.o
                0x000000000800077c                VA_L
 .text.VB_H     0x00000000080007ac       0x30 Core/Src/main.o
                0x00000000080007ac                VB_H
 .text.VB_L     0x00000000080007dc       0x30 Core/Src/main.o
                0x00000000080007dc                VB_L
 .text.VC_H     0x000000000800080c       0x30 Core/Src/main.o
                0x000000000800080c                VC_H
 .text.VC_L     0x000000000800083c       0x30 Core/Src/main.o
                0x000000000800083c                VC_L
 .text.main     0x000000000800086c      0x10c Core/Src/main.o
                0x000000000800086c                main
 .text.PhaseExec
                0x0000000008000978      0x162 Core/Src/main.o
                0x0000000008000978                PhaseExec
 *fill*         0x0000000008000ada        0x2 
 .text.SystemInit
                0x0000000008000adc       0x24 Core/Src/system_stm32f3xx.o
                0x0000000008000adc                SystemInit
 .text.Reset_Handler
                0x0000000008000b00       0x50 Core/Startup/startup_stm32f303r6tx.o
                0x0000000008000b00                Reset_Handler
 .text.Default_Handler
                0x0000000008000b50        0x2 Core/Startup/startup_stm32f303r6tx.o
                0x0000000008000b50                RTC_Alarm_IRQHandler
                0x0000000008000b50                DebugMon_Handler
                0x0000000008000b50                TIM1_CC_IRQHandler
                0x0000000008000b50                HardFault_Handler
                0x0000000008000b50                PVD_IRQHandler
                0x0000000008000b50                TAMP_STAMP_IRQHandler
                0x0000000008000b50                PendSV_Handler
                0x0000000008000b50                NMI_Handler
                0x0000000008000b50                EXTI3_IRQHandler
                0x0000000008000b50                EXTI0_IRQHandler
                0x0000000008000b50                FPU_IRQHandler
                0x0000000008000b50                TIM1_UP_TIM16_IRQHandler
                0x0000000008000b50                UsageFault_Handler
                0x0000000008000b50                ADC1_2_IRQHandler
                0x0000000008000b50                SPI1_IRQHandler
                0x0000000008000b50                CAN_SCE_IRQHandler
                0x0000000008000b50                DMA1_Channel4_IRQHandler
                0x0000000008000b50                USART3_IRQHandler
                0x0000000008000b50                DMA1_Channel7_IRQHandler
                0x0000000008000b50                TIM7_DAC2_IRQHandler
                0x0000000008000b50                CAN_RX1_IRQHandler
                0x0000000008000b50                I2C1_EV_IRQHandler
                0x0000000008000b50                DMA1_Channel6_IRQHandler
                0x0000000008000b50                TIM3_IRQHandler
                0x0000000008000b50                RCC_IRQHandler
                0x0000000008000b50                DMA1_Channel1_IRQHandler
                0x0000000008000b50                Default_Handler
                0x0000000008000b50                EXTI15_10_IRQHandler
                0x0000000008000b50                COMP2_IRQHandler
                0x0000000008000b50                TIM6_DAC1_IRQHandler
                0x0000000008000b50                EXTI9_5_IRQHandler
                0x0000000008000b50                RTC_WKUP_IRQHandler
                0x0000000008000b50                MemManage_Handler
                0x0000000008000b50                SVC_Handler
                0x0000000008000b50                DMA1_Channel5_IRQHandler
                0x0000000008000b50                EXTI4_IRQHandler
                0x0000000008000b50                TIM1_TRG_COM_TIM17_IRQHandler
                0x0000000008000b50                DMA1_Channel3_IRQHandler
                0x0000000008000b50                WWDG_IRQHandler
                0x0000000008000b50                TIM2_IRQHandler
                0x0000000008000b50                EXTI1_IRQHandler
                0x0000000008000b50                COMP4_6_IRQHandler
                0x0000000008000b50                USART2_IRQHandler
                0x0000000008000b50                DMA1_Channel2_IRQHandler
                0x0000000008000b50                FLASH_IRQHandler
                0x0000000008000b50                BusFault_Handler
                0x0000000008000b50                USART1_IRQHandler
                0x0000000008000b50                I2C1_ER_IRQHandler
                0x0000000008000b50                EXTI2_TSC_IRQHandler
                0x0000000008000b50                TIM1_BRK_TIM15_IRQHandler
 *fill*         0x0000000008000b52        0x2 
 .text.__libc_init_array
                0x0000000008000b54       0x48 c:/st/stm32cubeide_1.5.1/stm32cubeide/plugins/com.st.stm32cube.ide.mcu.externaltools.gnu-tools-for-stm32.7-2018-q2-update.win32_1.5.0.202011040924/tools/bin/../lib/gcc/arm-none-eabi/7.3.1/../../../../arm-none-eabi/lib/thumb/v7e-m/fpv4-sp/hard\libc_nano.a(lib_a-init.o)
                0x0000000008000b54                __libc_init_array
 *(.glue_7)
 .glue_7        0x0000000008000b9c        0x0 linker stubs
 *(.glue_7t)
 .glue_7t       0x0000000008000b9c        0x0 linker stubs
 *(.eh_frame)
 .eh_frame      0x0000000008000b9c        0x0 c:/st/stm32cubeide_1.5.1/stm32cubeide/plugins/com.st.stm32cube.ide.mcu.externaltools.gnu-tools-for-stm32.7-2018-q2-update.win32_1.5.0.202011040924/tools/bin/../lib/gcc/arm-none-eabi/7.3.1/thumb/v7e-m/fpv4-sp/hard/crtbegin.o
 *(.init)
 .init          0x0000000008000b9c        0x4 c:/st/stm32cubeide_1.5.1/stm32cubeide/plugins/com.st.stm32cube.ide.mcu.externaltools.gnu-tools-for-stm32.7-2018-q2-update.win32_1.5.0.202011040924/tools/bin/../lib/gcc/arm-none-eabi/7.3.1/thumb/v7e-m/fpv4-sp/hard/crti.o
                0x0000000008000b9c                _init
 .init          0x0000000008000ba0        0x8 c:/st/stm32cubeide_1.5.1/stm32cubeide/plugins/com.st.stm32cube.ide.mcu.externaltools.gnu-tools-for-stm32.7-2018-q2-update.win32_1.5.0.202011040924/tools/bin/../lib/gcc/arm-none-eabi/7.3.1/thumb/v7e-m/fpv4-sp/hard/crtn.o
 *(.fini)
 .fini          0x0000000008000ba8        0x4 c:/st/stm32cubeide_1.5.1/stm32cubeide/plugins/com.st.stm32cube.ide.mcu.externaltools.gnu-tools-for-stm32.7-2018-q2-update.win32_1.5.0.202011040924/tools/bin/../lib/gcc/arm-none-eabi/7.3.1/thumb/v7e-m/fpv4-sp/hard/crti.o
                0x0000000008000ba8                _fini
 .fini          0x0000000008000bac        0x8 c:/st/stm32cubeide_1.5.1/stm32cubeide/plugins/com.st.stm32cube.ide.mcu.externaltools.gnu-tools-for-stm32.7-2018-q2-update.win32_1.5.0.202011040924/tools/bin/../lib/gcc/arm-none-eabi/7.3.1/thumb/v7e-m/fpv4-sp/hard/crtn.o
                0x0000000008000bb4                . = ALIGN (0x4)
                0x0000000008000bb4                _etext = .

.vfp11_veneer   0x0000000008000bb4        0x0
 .vfp11_veneer  0x0000000008000bb4        0x0 linker stubs

.v4_bx          0x0000000008000bb4        0x0
 .v4_bx         0x0000000008000bb4        0x0 linker stubs

.iplt           0x0000000008000bb4        0x0
 .iplt          0x0000000008000bb4        0x0 c:/st/stm32cubeide_1.5.1/stm32cubeide/plugins/com.st.stm32cube.ide.mcu.externaltools.gnu-tools-for-stm32.7-2018-q2-update.win32_1.5.0.202011040924/tools/bin/../lib/gcc/arm-none-eabi/7.3.1/thumb/v7e-m/fpv4-sp/hard/crtbegin.o

.rodata         0x0000000008000bb4       0x18
                0x0000000008000bb4                . = ALIGN (0x4)
 *(.rodata)
 .rodata        0x0000000008000bb4       0x18 Core/Src/main.o
 *(.rodata*)
                0x0000000008000bcc                . = ALIGN (0x4)

.rel.dyn        0x0000000008000bcc        0x0
 .rel.iplt      0x0000000008000bcc        0x0 c:/st/stm32cubeide_1.5.1/stm32cubeide/plugins/com.st.stm32cube.ide.mcu.externaltools.gnu-tools-for-stm32.7-2018-q2-update.win32_1.5.0.202011040924/tools/bin/../lib/gcc/arm-none-eabi/7.3.1/thumb/v7e-m/fpv4-sp/hard/crtbegin.o

.ARM.extab      0x0000000008000bcc        0x0
                0x0000000008000bcc                . = ALIGN (0x4)
 *(.ARM.extab* .gnu.linkonce.armextab.*)
                0x0000000008000bcc                . = ALIGN (0x4)

.ARM            0x0000000008000bcc        0x0
                0x0000000008000bcc                . = ALIGN (0x4)
                0x0000000008000bcc                __exidx_start = .
 *(.ARM.exidx*)
                0x0000000008000bcc                __exidx_end = .
                0x0000000008000bcc                . = ALIGN (0x4)

.preinit_array  0x0000000008000bcc        0x0
                0x0000000008000bcc                . = ALIGN (0x4)
                0x0000000008000bcc                PROVIDE (__preinit_array_start = .)
 *(.preinit_array*)
                0x0000000008000bcc                PROVIDE (__preinit_array_end = .)
                0x0000000008000bcc                . = ALIGN (0x4)

.init_array     0x0000000008000bcc        0x4
                0x0000000008000bcc                . = ALIGN (0x4)
                0x0000000008000bcc                PROVIDE (__init_array_start = .)
 *(SORT_BY_NAME(.init_array.*))
 *(.init_array*)
 .init_array    0x0000000008000bcc        0x4 c:/st/stm32cubeide_1.5.1/stm32cubeide/plugins/com.st.stm32cube.ide.mcu.externaltools.gnu-tools-for-stm32.7-2018-q2-update.win32_1.5.0.202011040924/tools/bin/../lib/gcc/arm-none-eabi/7.3.1/thumb/v7e-m/fpv4-sp/hard/crtbegin.o
                0x0000000008000bd0                PROVIDE (__init_array_end = .)
                0x0000000008000bd0                . = ALIGN (0x4)

.fini_array     0x0000000008000bd0        0x4
                0x0000000008000bd0                . = ALIGN (0x4)
                [!provide]                        PROVIDE (__fini_array_start = .)
 *(SORT_BY_NAME(.fini_array.*))
 *(.fini_array*)
 .fini_array    0x0000000008000bd0        0x4 c:/st/stm32cubeide_1.5.1/stm32cubeide/plugins/com.st.stm32cube.ide.mcu.externaltools.gnu-tools-for-stm32.7-2018-q2-update.win32_1.5.0.202011040924/tools/bin/../lib/gcc/arm-none-eabi/7.3.1/thumb/v7e-m/fpv4-sp/hard/crtbegin.o
                [!provide]                        PROVIDE (__fini_array_end = .)
                0x0000000008000bd4                . = ALIGN (0x4)
                0x0000000008000bd4                _sidata = LOADADDR (.data)

.data           0x0000000020000000        0x0 load address 0x0000000008000bd4
                0x0000000020000000                . = ALIGN (0x4)
                0x0000000020000000                _sdata = .
 *(.data)
 *(.data*)
 *(.RamFunc)
 *(.RamFunc*)
                0x0000000020000000                . = ALIGN (0x4)
                0x0000000020000000                _edata = .

.igot.plt       0x0000000020000000        0x0 load address 0x0000000008000bd4
 .igot.plt      0x0000000020000000        0x0 c:/st/stm32cubeide_1.5.1/stm32cubeide/plugins/com.st.stm32cube.ide.mcu.externaltools.gnu-tools-for-stm32.7-2018-q2-update.win32_1.5.0.202011040924/tools/bin/../lib/gcc/arm-none-eabi/7.3.1/thumb/v7e-m/fpv4-sp/hard/crtbegin.o
                0x0000000020000000                . = ALIGN (0x4)

.bss            0x0000000020000000       0x40 load address 0x0000000008000bd4
                0x0000000020000000                _sbss = .
                0x0000000020000000                __bss_start__ = _sbss
 *(.bss)
 .bss           0x0000000020000000       0x1c c:/st/stm32cubeide_1.5.1/stm32cubeide/plugins/com.st.stm32cube.ide.mcu.externaltools.gnu-tools-for-stm32.7-2018-q2-update.win32_1.5.0.202011040924/tools/bin/../lib/gcc/arm-none-eabi/7.3.1/thumb/v7e-m/fpv4-sp/hard/crtbegin.o
 *(.bss*)
 .bss.CAN_filterIdx.7831
                0x000000002000001c        0x2 Core/Src/can.o
 *(COMMON)
 *fill*         0x000000002000001e        0x2 
 COMMON         0x0000000020000020       0x18 Core/Src/can.o
                0x0000000020000020                can_rx_message
 COMMON         0x0000000020000038        0x8 Core/Src/config.o
                0x0000000020000038                cnt
                0x000000002000003c                delay
                0x0000000020000040                . = ALIGN (0x4)
                0x0000000020000040                _ebss = .
                0x0000000020000040                __bss_end__ = _ebss

._user_heap_stack
                0x0000000020000040      0x600 load address 0x0000000008000bd4
                0x0000000020000040                . = ALIGN (0x8)
                [!provide]                        PROVIDE (end = .)
                0x0000000020000040                PROVIDE (_end = .)
                0x0000000020000240                . = (. + _Min_Heap_Size)
 *fill*         0x0000000020000040      0x200 
                0x0000000020000640                . = (. + _Min_Stack_Size)
 *fill*         0x0000000020000240      0x400 
                0x0000000020000640                . = ALIGN (0x8)

/DISCARD/
 libc.a(*)
 libm.a(*)
 libgcc.a(*)

.ARM.attributes
                0x0000000000000000       0x30
 *(.ARM.attributes)
 .ARM.attributes
                0x0000000000000000       0x22 c:/st/stm32cubeide_1.5.1/stm32cubeide/plugins/com.st.stm32cube.ide.mcu.externaltools.gnu-tools-for-stm32.7-2018-q2-update.win32_1.5.0.202011040924/tools/bin/../lib/gcc/arm-none-eabi/7.3.1/thumb/v7e-m/fpv4-sp/hard/crti.o
 .ARM.attributes
                0x0000000000000022       0x34 c:/st/stm32cubeide_1.5.1/stm32cubeide/plugins/com.st.stm32cube.ide.mcu.externaltools.gnu-tools-for-stm32.7-2018-q2-update.win32_1.5.0.202011040924/tools/bin/../lib/gcc/arm-none-eabi/7.3.1/thumb/v7e-m/fpv4-sp/hard/crtbegin.o
 .ARM.attributes
                0x0000000000000056       0x39 Core/Src/can.o
 .ARM.attributes
                0x000000000000008f       0x39 Core/Src/config.o
 .ARM.attributes
                0x00000000000000c8       0x39 Core/Src/main.o
 .ARM.attributes
                0x0000000000000101       0x39 Core/Src/system_stm32f3xx.o
 .ARM.attributes
                0x000000000000013a       0x21 Core/Startup/startup_stm32f303r6tx.o
 .ARM.attributes
                0x000000000000015b       0x34 c:/st/stm32cubeide_1.5.1/stm32cubeide/plugins/com.st.stm32cube.ide.mcu.externaltools.gnu-tools-for-stm32.7-2018-q2-update.win32_1.5.0.202011040924/tools/bin/../lib/gcc/arm-none-eabi/7.3.1/../../../../arm-none-eabi/lib/thumb/v7e-m/fpv4-sp/hard\libc_nano.a(lib_a-init.o)
 .ARM.attributes
                0x000000000000018f       0x22 c:/st/stm32cubeide_1.5.1/stm32cubeide/plugins/com.st.stm32cube.ide.mcu.externaltools.gnu-tools-for-stm32.7-2018-q2-update.win32_1.5.0.202011040924/tools/bin/../lib/gcc/arm-none-eabi/7.3.1/thumb/v7e-m/fpv4-sp/hard/crtn.o
OUTPUT(Hyperlink_PROP_Library.elf elf32-littlearm)

.debug_info     0x0000000000000000     0x2f88
 .debug_info    0x0000000000000000      0xf51 Core/Src/can.o
 .debug_info    0x0000000000000f51     0x104d Core/Src/config.o
 .debug_info    0x0000000000001f9e      0xbc8 Core/Src/main.o
 .debug_info    0x0000000000002b66      0x400 Core/Src/system_stm32f3xx.o
 .debug_info    0x0000000000002f66       0x22 Core/Startup/startup_stm32f303r6tx.o

.debug_abbrev   0x0000000000000000      0x86c
 .debug_abbrev  0x0000000000000000      0x283 Core/Src/can.o
 .debug_abbrev  0x0000000000000283      0x281 Core/Src/config.o
 .debug_abbrev  0x0000000000000504      0x245 Core/Src/main.o
 .debug_abbrev  0x0000000000000749      0x111 Core/Src/system_stm32f3xx.o
 .debug_abbrev  0x000000000000085a       0x12 Core/Startup/startup_stm32f303r6tx.o

.debug_aranges  0x0000000000000000      0x140
 .debug_aranges
                0x0000000000000000       0x50 Core/Src/can.o
 .debug_aranges
                0x0000000000000050       0x40 Core/Src/config.o
 .debug_aranges
                0x0000000000000090       0x60 Core/Src/main.o
 .debug_aranges
                0x00000000000000f0       0x28 Core/Src/system_stm32f3xx.o
 .debug_aranges
                0x0000000000000118       0x28 Core/Startup/startup_stm32f303r6tx.o

.debug_ranges   0x0000000000000000       0xf8
 .debug_ranges  0x0000000000000000       0x40 Core/Src/can.o
 .debug_ranges  0x0000000000000040       0x30 Core/Src/config.o
 .debug_ranges  0x0000000000000070       0x50 Core/Src/main.o
 .debug_ranges  0x00000000000000c0       0x18 Core/Src/system_stm32f3xx.o
 .debug_ranges  0x00000000000000d8       0x20 Core/Startup/startup_stm32f303r6tx.o

.debug_macro    0x0000000000000000    0x14302
 .debug_macro   0x0000000000000000      0x242 Core/Src/can.o
 .debug_macro   0x0000000000000242      0xa5a Core/Src/can.o
 .debug_macro   0x0000000000000c9c       0x22 Core/Src/can.o
 .debug_macro   0x0000000000000cbe       0x40 Core/Src/can.o
 .debug_macro   0x0000000000000cfe       0x18 Core/Src/can.o
 .debug_macro   0x0000000000000d16       0x94 Core/Src/can.o
 .debug_macro   0x0000000000000daa       0x3c Core/Src/can.o
 .debug_macro   0x0000000000000de6       0x34 Core/Src/can.o
 .debug_macro   0x0000000000000e1a       0x16 Core/Src/can.o
 .debug_macro   0x0000000000000e30       0x57 Core/Src/can.o
 .debug_macro   0x0000000000000e87       0x97 Core/Src/can.o
 .debug_macro   0x0000000000000f1e      0x330 Core/Src/can.o
 .debug_macro   0x000000000000124e       0xfd Core/Src/can.o
 .debug_macro   0x000000000000134b       0x10 Core/Src/can.o
 .debug_macro   0x000000000000135b       0x52 Core/Src/can.o
 .debug_macro   0x00000000000013ad       0x1f Core/Src/can.o
 .debug_macro   0x00000000000013cc       0x43 Core/Src/can.o
 .debug_macro   0x000000000000140f       0x20 Core/Src/can.o
 .debug_macro   0x000000000000142f      0x1a3 Core/Src/can.o
 .debug_macro   0x00000000000015d2       0x10 Core/Src/can.o
 .debug_macro   0x00000000000015e2       0x6a Core/Src/can.o
 .debug_macro   0x000000000000164c       0x1c Core/Src/can.o
 .debug_macro   0x0000000000001668       0x52 Core/Src/can.o
 .debug_macro   0x00000000000016ba       0x40 Core/Src/can.o
 .debug_macro   0x00000000000016fa       0x10 Core/Src/can.o
 .debug_macro   0x000000000000170a       0x40 Core/Src/can.o
 .debug_macro   0x000000000000174a       0xd7 Core/Src/can.o
 .debug_macro   0x0000000000001821       0x1c Core/Src/can.o
 .debug_macro   0x000000000000183d       0x3d Core/Src/can.o
 .debug_macro   0x000000000000187a       0x16 Core/Src/can.o
 .debug_macro   0x0000000000001890      0x145 Core/Src/can.o
 .debug_macro   0x00000000000019d5       0x16 Core/Src/can.o
 .debug_macro   0x00000000000019eb       0x35 Core/Src/can.o
 .debug_macro   0x0000000000001a20       0x20 Core/Src/can.o
 .debug_macro   0x0000000000001a40       0x28 Core/Src/can.o
 .debug_macro   0x0000000000001a68       0xef Core/Src/can.o
 .debug_macro   0x0000000000001b57      0x1df Core/Src/can.o
 .debug_macro   0x0000000000001d36       0x1c Core/Src/can.o
 .debug_macro   0x0000000000001d52       0x22 Core/Src/can.o
 .debug_macro   0x0000000000001d74       0xd9 Core/Src/can.o
 .debug_macro   0x0000000000001e4d      0xf07 Core/Src/can.o
 .debug_macro   0x0000000000002d54    0x10be0 Core/Src/can.o
 .debug_macro   0x0000000000013934       0x34 Core/Src/can.o
 .debug_macro   0x0000000000013968      0x242 Core/Src/config.o
 .debug_macro   0x0000000000013baa       0x94 Core/Src/config.o
 .debug_macro   0x0000000000013c3e      0x279 Core/Src/main.o
 .debug_macro   0x0000000000013eb7       0x16 Core/Src/main.o
 .debug_macro   0x0000000000013ecd       0x16 Core/Src/main.o
 .debug_macro   0x0000000000013ee3       0x29 Core/Src/main.o
 .debug_macro   0x0000000000013f0c       0x9a Core/Src/main.o
 .debug_macro   0x0000000000013fa6       0x3a Core/Src/main.o
 .debug_macro   0x0000000000013fe0       0xc9 Core/Src/system_stm32f3xx.o
 .debug_macro   0x00000000000140a9       0x2e Core/Src/system_stm32f3xx.o
 .debug_macro   0x00000000000140d7       0x8e Core/Src/system_stm32f3xx.o
 .debug_macro   0x0000000000014165       0x51 Core/Src/system_stm32f3xx.o
 .debug_macro   0x00000000000141b6       0xdf Core/Src/system_stm32f3xx.o
 .debug_macro   0x0000000000014295       0x6d Core/Src/system_stm32f3xx.o

.debug_line     0x0000000000000000     0x1b39
 .debug_line    0x0000000000000000      0x721 Core/Src/can.o
 .debug_line    0x0000000000000721      0x6f2 Core/Src/config.o
 .debug_line    0x0000000000000e13      0x825 Core/Src/main.o
 .debug_line    0x0000000000001638      0x479 Core/Src/system_stm32f3xx.o
 .debug_line    0x0000000000001ab1       0x88 Core/Startup/startup_stm32f303r6tx.o

.debug_str      0x0000000000000000    0x6a221
 .debug_str     0x0000000000000000    0x693f8 Core/Src/can.o
                                      0x69744 (size before relaxing)
 .debug_str     0x00000000000693f8      0x4bb Core/Src/config.o
                                      0x69a09 (size before relaxing)
 .debug_str     0x00000000000698b3      0x174 Core/Src/main.o
                                      0x69788 (size before relaxing)
 .debug_str     0x0000000000069a27      0x7c4 Core/Src/system_stm32f3xx.o
                                      0x655c6 (size before relaxing)
 .debug_str     0x000000000006a1eb       0x36 Core/Startup/startup_stm32f303r6tx.o
                                         0x7e (size before relaxing)

.comment        0x0000000000000000       0x7b
 .comment       0x0000000000000000       0x7b Core/Src/can.o
                                         0x7c (size before relaxing)
 .comment       0x000000000000007b       0x7c Core/Src/config.o
 .comment       0x000000000000007b       0x7c Core/Src/main.o
 .comment       0x000000000000007b       0x7c Core/Src/system_stm32f3xx.o

.debug_frame    0x0000000000000000      0x3a4
 .debug_frame   0x0000000000000000      0x120 Core/Src/can.o
 .debug_frame   0x0000000000000120       0xc8 Core/Src/config.o
 .debug_frame   0x00000000000001e8      0x138 Core/Src/main.o
 .debug_frame   0x0000000000000320       0x58 Core/Src/system_stm32f3xx.o
 .debug_frame   0x0000000000000378       0x2c c:/st/stm32cubeide_1.5.1/stm32cubeide/plugins/com.st.stm32cube.ide.mcu.externaltools.gnu-tools-for-stm32.7-2018-q2-update.win32_1.5.0.202011040924/tools/bin/../lib/gcc/arm-none-eabi/7.3.1/../../../../arm-none-eabi/lib/thumb/v7e-m/fpv4-sp/hard\libc_nano.a(lib_a-init.o)
